¡Qué buen caso de estudio! Al cruzar las métricas que compartes en la imagen con el código Go de los adaptadores, el misterio de por qué TimescaleDB parece tener un rendimiento tan inferior frente a VictoriaMetrics se resuelve rápidamente.

No estás viendo un problema de rendimiento de la base de datos PostgreSQL/TimescaleDB. Estás viendo un cuello de botella artificial introducido por la lógica de deduplicación en tu código Go.

Aquí tienes el análisis técnico de lo que está ocurriendo, capa por capa.

La Causa Raíz: FlushInterval + dedupBatch
El límite de ~9.5 escrituras por segundo que ves en TimescaleDB en los escenarios de 5ms y 50ms es matemáticamente predecible debido a la combinación de dos factores en tu pipeline:

El ciclo de Flush (10 veces por segundo): En pipeline.go, la configuración por defecto de FlushInterval es de 100ms. Esto significa que el acumulador envía un lote (batch) a los adaptadores un máximo de 10 veces por segundo.

La trampa en la deduplicación: En adapter_timescale.go, antes de hacer el pgx.CopyFrom, pasas el lote por la función dedupBatch.

Fíjate en la clave del mapa: type key struct{ meas, ioa string }.

El problema: La clave ignora el timestamp (ts). Si durante esos 100ms de acumulación llegan 20 puntos válidos para la misma señal (mismo ioa) pero con diferentes marcas de tiempo (porque están llegando cada 5ms), tu mapa sobrescribe el valor y descarta 19 de los 20 puntos.

El resultado es que el TimescaleAdapter está enviando, como máximo absoluto, 1 punto por señal por batch. A 10 batches por segundo, el límite físico de inserción en TimescaleDB queda artificialmente clavado en ~10 escrituras/segundo (los 9.5/s que refleja tu gráfica).

VictoriaMetrics (adapter_vm.go), por el contrario, no tiene esta función de deduplicación y comprime/envía todo el array crudo usando Influx Line Protocol, reflejando el rendimiento real.

Análisis de los Escenarios (Benchmark)
Con este contexto del código, los paneles de la imagen encajan a la perfección:

1. Escenario de Estrés: Datos cada 5ms (Teórico: 200 pts/s)
VictoriaMetrics (189.8/s): Absorbe prácticamente la totalidad de la carga esperada. El ligero desfase (189 en lugar de 200) puede deberse a la latencia de red, el overhead del GC de Go, o ligeras demoras en la lectura del canal.

TimescaleDB (9.5/s): Queda bloqueado. En cada ventana de 100ms, el worker de Go agrupa unos 20 puntos del mismo ioa. La función dedupBatch elimina 19, dejando 1. TimescaleDB inserta 10 puntos por segundo de forma sostenida.

Red (Sent KB): TimescaleDB envía mucha menos información (49.5 KB vs 140.7 KB de VM) simplemente porque la aplicación ha descartado el 95% del payload antes de enviarlo por la red.

2. Escenario Medio: Datos cada 50ms (Teórico: 20 pts/s)
VictoriaMetrics (19.0/s): Sigue el ritmo a la perfección.

TimescaleDB (9.5/s): Sigue topando con el mismo límite. En una ventana de 100ms (Flush), llegan 2 puntos del mismo ioa. El código descarta el primero, se queda con el último y envía solo 1. La tasa de escritura se mantiene clavada en ~10/s.

3. Escenario Relajado: Datos cada 500ms (Teórico: 2 pts/s)
Ambos sistemas (1.9/s): Aquí ambos se igualan. Como el dato llega cada 500ms, cuando el pipeline hace flush cada 100ms, el batch contiene un solo punto para ese ioa (o ninguno). La función dedupBatch no encuentra duplicados que descartar. TimescaleDB por fin puede procesar el 100% de la carga sin interferencia del código.